2025-11-01 10:31:54,358 - kedro.framework.project - INFO - Using 'conf\logging.yml' as logging configuration. You can change this by setting the KEDRO_LOGGING_CONFIG environment variable accordingly.
2025-11-01 10:31:54,388 - py.warnings - WARNING - C:\Users\Gabriel\AppData\Roaming\Python\Python312\site-packages\kedro\framework\project\__init__.py:412: UserWarning: An error occurred while importing the 'None.pipeline' module. Nothing defined therein will be returned by 'find_pipelines'.

Traceback (most recent call last):
  File "C:\Users\Gabriel\AppData\Roaming\Python\Python312\site-packages\kedro\framework\project\__init__.py", line 403, in find_pipelines
    pipeline_module = importlib.import_module(pipeline_module_name)
                      ^^^^^^^^^^^^^^^^^^^^^^^^^^^^^^^^^^^^^^^^^^^^^
  File "C:\Python312\Lib\importlib\__init__.py", line 90, in import_module
    return _bootstrap._gcd_import(name[level:], package, level)
           ^^^^^^^^^^^^^^^^^^^^^^^^^^^^^^^^^^^^^^^^^^^^^^^^^^^^
  File "<frozen importlib._bootstrap>", line 1387, in _gcd_import
  File "<frozen importlib._bootstrap>", line 1360, in _find_and_load
  File "<frozen importlib._bootstrap>", line 1310, in _find_and_load_unlocked
  File "<frozen importlib._bootstrap>", line 488, in _call_with_frames_removed
  File "<frozen importlib._bootstrap>", line 1387, in _gcd_import
  File "<frozen importlib._bootstrap>", line 1360, in _find_and_load
  File "<frozen importlib._bootstrap>", line 1324, in _find_and_load_unlocked
ModuleNotFoundError: No module named 'None'

  warnings.warn(

2025-11-01 10:38:31,795 - kedro.framework.project - INFO - Using 'conf\logging.yml' as logging configuration. You can change this by setting the KEDRO_LOGGING_CONFIG environment variable accordingly.
2025-11-01 10:38:31,800 - py.warnings - WARNING - C:\Users\Gabriel\AppData\Roaming\Python\Python312\site-packages\kedro\framework\project\__init__.py:412: UserWarning: An error occurred while importing the 'None.pipeline' module. Nothing defined therein will be returned by 'find_pipelines'.

Traceback (most recent call last):
  File "C:\Users\Gabriel\AppData\Roaming\Python\Python312\site-packages\kedro\framework\project\__init__.py", line 403, in find_pipelines
    pipeline_module = importlib.import_module(pipeline_module_name)
                      ^^^^^^^^^^^^^^^^^^^^^^^^^^^^^^^^^^^^^^^^^^^^^
  File "C:\Python312\Lib\importlib\__init__.py", line 90, in import_module
    return _bootstrap._gcd_import(name[level:], package, level)
           ^^^^^^^^^^^^^^^^^^^^^^^^^^^^^^^^^^^^^^^^^^^^^^^^^^^^
  File "<frozen importlib._bootstrap>", line 1387, in _gcd_import
  File "<frozen importlib._bootstrap>", line 1360, in _find_and_load
  File "<frozen importlib._bootstrap>", line 1310, in _find_and_load_unlocked
  File "<frozen importlib._bootstrap>", line 488, in _call_with_frames_removed
  File "<frozen importlib._bootstrap>", line 1387, in _gcd_import
  File "<frozen importlib._bootstrap>", line 1360, in _find_and_load
  File "<frozen importlib._bootstrap>", line 1324, in _find_and_load_unlocked
ModuleNotFoundError: No module named 'None'

  warnings.warn(

2025-11-01 10:39:00,139 - kedro.framework.project - INFO - Using 'conf\logging.yml' as logging configuration. You can change this by setting the KEDRO_LOGGING_CONFIG environment variable accordingly.
2025-11-01 10:39:00,147 - py.warnings - WARNING - C:\Users\Gabriel\AppData\Roaming\Python\Python312\site-packages\kedro\framework\project\__init__.py:412: UserWarning: An error occurred while importing the 'None.pipeline' module. Nothing defined therein will be returned by 'find_pipelines'.

Traceback (most recent call last):
  File "C:\Users\Gabriel\AppData\Roaming\Python\Python312\site-packages\kedro\framework\project\__init__.py", line 403, in find_pipelines
    pipeline_module = importlib.import_module(pipeline_module_name)
                      ^^^^^^^^^^^^^^^^^^^^^^^^^^^^^^^^^^^^^^^^^^^^^
  File "C:\Python312\Lib\importlib\__init__.py", line 90, in import_module
    return _bootstrap._gcd_import(name[level:], package, level)
           ^^^^^^^^^^^^^^^^^^^^^^^^^^^^^^^^^^^^^^^^^^^^^^^^^^^^
  File "<frozen importlib._bootstrap>", line 1387, in _gcd_import
  File "<frozen importlib._bootstrap>", line 1360, in _find_and_load
  File "<frozen importlib._bootstrap>", line 1310, in _find_and_load_unlocked
  File "<frozen importlib._bootstrap>", line 488, in _call_with_frames_removed
  File "<frozen importlib._bootstrap>", line 1387, in _gcd_import
  File "<frozen importlib._bootstrap>", line 1360, in _find_and_load
  File "<frozen importlib._bootstrap>", line 1324, in _find_and_load_unlocked
ModuleNotFoundError: No module named 'None'

  warnings.warn(

2025-11-01 10:44:06,679 - kedro.framework.project - INFO - Using 'conf\logging.yml' as logging configuration. You can change this by setting the KEDRO_LOGGING_CONFIG environment variable accordingly.
2025-11-01 10:44:06,686 - py.warnings - WARNING - C:\Users\Gabriel\AppData\Roaming\Python\Python312\site-packages\kedro\framework\project\__init__.py:412: UserWarning: An error occurred while importing the 'None.pipeline' module. Nothing defined therein will be returned by 'find_pipelines'.

Traceback (most recent call last):
  File "C:\Users\Gabriel\AppData\Roaming\Python\Python312\site-packages\kedro\framework\project\__init__.py", line 403, in find_pipelines
    pipeline_module = importlib.import_module(pipeline_module_name)
                      ^^^^^^^^^^^^^^^^^^^^^^^^^^^^^^^^^^^^^^^^^^^^^
  File "C:\Python312\Lib\importlib\__init__.py", line 90, in import_module
    return _bootstrap._gcd_import(name[level:], package, level)
           ^^^^^^^^^^^^^^^^^^^^^^^^^^^^^^^^^^^^^^^^^^^^^^^^^^^^
  File "<frozen importlib._bootstrap>", line 1387, in _gcd_import
  File "<frozen importlib._bootstrap>", line 1360, in _find_and_load
  File "<frozen importlib._bootstrap>", line 1310, in _find_and_load_unlocked
  File "<frozen importlib._bootstrap>", line 488, in _call_with_frames_removed
  File "<frozen importlib._bootstrap>", line 1387, in _gcd_import
  File "<frozen importlib._bootstrap>", line 1360, in _find_and_load
  File "<frozen importlib._bootstrap>", line 1324, in _find_and_load_unlocked
ModuleNotFoundError: No module named 'None'

  warnings.warn(

2025-11-01 10:47:05,925 - kedro.framework.project - INFO - Using 'conf\logging.yml' as logging configuration. You can change this by setting the KEDRO_LOGGING_CONFIG environment variable accordingly.
2025-11-01 10:47:54,559 - kedro.framework.project - INFO - Using 'conf\logging.yml' as logging configuration. You can change this by setting the KEDRO_LOGGING_CONFIG environment variable accordingly.
2025-11-01 10:48:19,504 - kedro.framework.project - INFO - Using 'conf\logging.yml' as logging configuration. You can change this by setting the KEDRO_LOGGING_CONFIG environment variable accordingly.
